[dotenv@17.2.3] injecting env (0) from ..\.env -- tip: 🔑 add access controls to secrets: https://dotenvx.com/ops
2026-01-28 23:16:27 [[32minfo[39m] Starting server in development mode
2026-01-28 23:16:27 [[32minfo[39m] Database: SQLite
2026-01-28 23:16:27 [[32minfo[39m] SQLite database connected
2026-01-28 23:16:27 [[32minfo[39m] 📂 DB ABSOLUTE PATH: C:\smi\server\db.sqlite
2026-01-28 23:16:27 [[32minfo[39m] Allowed origins: {"origins":["http://localhost:5174","http://localhost:8787"]}
2026-01-28 23:16:27 [[32minfo[39m] Dist path check: {"path":"C:\\smi\\dist","exists":true}
2026-01-28 23:16:27 [[32minfo[39m] Dist files: {"files":["assets","index.html","manifest.webmanifest","registerSW.js","sw.js","vite.svg","workbox-8c29f6e4.js"]}
2026-01-28 23:16:27 [[32minfo[39m] SQLite tables initialized
2026-01-28 23:16:27 [[32minfo[39m] posts table ensured
2026-01-28 23:16:27 [[32minfo[39m] regions table ensured
2026-01-28 23:16:27 [[32minfo[39m] shops table ensured
2026-01-28 23:16:27 [[32minfo[39m] missions table ensured
2026-01-28 23:16:27 [[32minfo[39m] events table ensured
2026-01-28 23:16:27 [[32minfo[39m] banners table ensured
2026-01-28 23:16:27 [[32minfo[39m] reviews table ensured
2026-01-28 23:16:27 [[32minfo[39m] shop_earnings table ensured
2026-01-28 23:16:27 [[32minfo[39m] shop_payout_requests table ensured
2026-01-28 23:16:27 [[32minfo[39m] broadcasts table ensured
2026-01-28 23:16:27 [[32minfo[39m] broadcast_comments table ensured
2026-01-28 23:16:27 [[32minfo[39m] supplies table ensured
2026-01-28 23:16:27 [[32minfo[39m] point_ledger table ensured
2026-01-28 23:16:27 [[32minfo[39m] participations table ensured
2026-01-28 23:16:27 [[32minfo[39m] configs table ensured
2026-01-28 23:16:27 [[32minfo[39m] schedules table ensured
2026-01-28 23:16:27 [[32minfo[39m] chats table ensured
2026-01-28 23:16:27 [[32minfo[39m] friends table ensured
2026-01-28 23:16:27 [[32minfo[39m] auditions table ensured
2026-01-28 23:16:27 [[32minfo[39m] SQLite supply support tables ensured
2026-01-28 23:16:27 [[32minfo[39m] Applying PV3 full restoration schema...
2026-01-28 23:16:27 [[32minfo[39m] SQLite PV3 schema applied
2026-01-28 23:16:27 [[32minfo[39m] PV3 full restoration schema completed
2026-01-28 23:16:27 [[32minfo[39m] 📊 DB TABLE COUNTS: {"members":5,"missions":4,"events":0,"schedules":4,"shops":9,"supplies":0,"participations":6,"broadcasts":3}
2026-01-28 23:16:27 [[32minfo[39m] Server listening on http://0.0.0.0:8787
2026-01-28 23:16:40 [[32minfo[39m] [REQ] PATCH /api/members/undefined {"query":{},"body":{"status":"ACTIVE"},"memberId":null,"contentType":"application/json"}
2026-01-28 23:16:40 [[32minfo[39m] [SQL] UPDATE | Route: /api/members/:id | Params: ["ACTIVE","2026-01-28T14:16:40.140Z","undefined"]
2026-01-28 23:16:40 [[32minfo[39m] [SQL] Query: UPDATE members SET status = ?, updatedAt = ? WHERE memberId = ?...
2026-01-28 23:16:40 [[32minfo[39m] [PATCH /api/members/:id] ⚠️ AFFECTED ROWS: 0 (expected: 1, target: undefined)
2026-01-28 23:16:40 [[32minfo[39m] [RES] PATCH /api/members/undefined {"status":404,"duration":"2ms","resultCount":0,"success":false}
2026-01-28 23:16:40 [[32minfo[39m] HTTP Request {"method":"PATCH","url":"/api/members/undefined","status":404,"duration":"3ms","ip":"127.0.0.1","userAgent":"Mozilla/5.0 (Windows NT; Windows NT 10.0; ko-KR) WindowsPowerShell/5.1.26100.7462"}
2026-01-28 23:16:43 [[32minfo[39m] [REQ] PATCH /api/members/SU17690220411322079 {"query":{},"body":{"status":"ACTIVE"},"memberId":null,"contentType":"application/json"}
2026-01-28 23:16:43 [[32minfo[39m] [SQL] UPDATE | Route: /api/members/:id | Params: ["ACTIVE","2026-01-28T14:16:43.674Z","SU17690220411322079"]
2026-01-28 23:16:43 [[32minfo[39m] [SQL] Query: UPDATE members SET status = ?, updatedAt = ? WHERE memberId = ?...
2026-01-28 23:16:43 [[32minfo[39m] [PATCH /api/members/:id] ⚠️ AFFECTED ROWS: 1 (expected: 1, target: SU17690220411322079)
2026-01-28 23:16:43 [[32minfo[39m] [RES] PATCH /api/members/SU17690220411322079 {"status":200,"duration":"9ms","resultCount":1,"success":true}
2026-01-28 23:16:43 [[32minfo[39m] HTTP Request {"method":"PATCH","url":"/api/members/SU17690220411322079","status":200,"duration":"9ms","ip":"127.0.0.1","userAgent":"Mozilla/5.0 (Windows NT; Windows NT 10.0; ko-KR) WindowsPowerShell/5.1.26100.7462"}
